[1m=== Status ===[0m                          [0m
[0m  Engine: running                       [0m
[0m  Tasks:  3/5                           [0m
[0m  Errors: 0                             [0m
[0m[2mPress q to quit[0m                         [0m
                                        [0m
                                        [0m
                                        [0m
                                        [0m
                                        [0m