[0mMENU-A                        [0m
[0mMENU-B                        [0m
[0mline-2                        [0m
                              [0m
                              [0m
                              [0m
                              [0m
                              [0m
                              [0m
                              [0m