line-0                                  [0m
[0mline-1                                  [0m
[0mline-2 MENU-A                           [0m
[0mline-3 MENU-B                           [0m
[0mline-4 MENU-C                           [0m
[0minput>                                  [0m
                                        [0m
                                        [0m
                                        [0m
                                        [0m