first line                              [0m
[0mcur[0m[7ms[0mor here                             [0m
[0mlast line                               [0m
                                        [0m
                                        [0m
                                        [0m
                                        [0m
                                        [0m
                                        [0m
                                        [0m