line-0                                  [0m
[0mline-1                                  [0m
[0minput>                                  [0m
[0m       item-0                           [0m
[0m       item-1                           [0m
[0m       item-2                           [0m
[0m       item-3                           [0m
[0m       item-4                           [0m
[0m       item-5                           [0m
[0m       item-6                           [0m
[0m       item-7                           [0m
[0m       item-8                           [0m
[0m       item-9                           [0m
                                        [0m
                                        [0m
                                        [0m
                                        [0m
                                        [0m
                                        [0m
                                        [0m
                                        [0m
                                        [0m
                                        [0m
                                        [0m