line-0                                                      [0m
[0mline-1                                                      [0m
[0mline-2                                                      [0m
[0minput>                                                      [0m
[0m       M-0         D-0                                      [0m
[0m       M-1         D-1                                      [0m
[0m                   D-2                                      [0m
[0m                   D-3                                      [0m
[0m                   D-4                                      [0m
                                                            [0m
                                                            [0m
                                                            [0m
                                                            [0m
                                                            [0m
                                                            [0m
                                                            [0m
                                                            [0m
                                                            [0m
                                                            [0m
                                                            [0m