line-0                                                      [0m
[0mline-1                                                      [0m
[0mline-2 M-0                                                  [0m
[0mline-3 M-1                                                  [0m
[0mline-4 M-2                                                  [0m
[0mline-5 M-3         D-0                                      [0m
[0mline-6 M-4         D-1                                      [0m
[0minput>                                                      [0m
                                                            [0m
                                                            [0m
                                                            [0m
                                                            [0m
                                                            [0m
                                                            [0m
                                                            [0m
                                                            [0m
                                                            [0m
                                                            [0m
                                                            [0m
                                                            [0m