bg line 0                                [0m╭───────────────╮  [0m
[0mbg line 1                                │ line 1        │  [0m
[0mbg line 2                                │ line 2        │  [0m
[0mbg line 3                                │ line 3        │  [0m
[0mbg line 4                                │ line 4        │  [0m
[0mbg line 5                                │ line 5        │  [0m
[0mbg line 6                                │ line 6        │  [0m
[0mbg line 7                                │ line 7        │  [0m
[0m                                         ╰───────────────╯  [0m
                                                            [0m