[0m│ line 4        │                                           [0m
[0m│ line 5        │                                           [0m
[0m│ line 6        │                                           [0m
[0m│ line 7        │                                           [0m
[0m│ line 8        │                                           [0m
[0m│ line 9        │                                           [0m
[0m│ line 10       │                                           [0m
[0m╰───────────────╯                                           [0m