[0m........................................[0m
[0m........................................[0m
[0m........................................[0m
[0m........................................[0m
[0m........................................[0m
[0m........................................[0m
[0m........................................[0m
[0m................................MOVE    [0m