background line 0                                 [0m
[0mbackground line 1                                 [0m
[0mbackground l[0m[38;5;63m╭─────────────────────╮[0m               [0m
[0mbackground l[0m[38;5;63m│[0mPopup                [0m[38;5;63m│[0m               [0m
[0mbackground l[0m[38;5;63m│[0mOption A             [0m[38;5;63m│[0m               [0m
[0mbackground l[0m[38;5;63m│[0mOption B             [0m[38;5;63m│[0m               [0m
[0mbackground l[0m[38;5;63m│[0mOption C             [0m[38;5;63m│[0m               [0m
[0mbackground l[0m[38;5;63m╰─────────────────────╯[0m               [0m
                                                  [0m
                                                  [0m