........................................[0m
[0m........................................[0m
[0m........................................[0m
[0m........................................[0m
[0mLC1     ................................[0m
[0mLC2     ................................[0m
[0m........................................[0m
[0m........................................[0m
[0m........................................[0m
[0m........................................[0m