........................................[0m
[0m........................................[0m
[0m........................................[0m
[0m........................................[0m
[0m........................................[0m
[0m............item 00        .............[0m
[0m............item 01        .............[0m
[0m............item 02        .............[0m
[0m............item 03        .............[0m
[0m............item 04        .............[0m
[0m............item 05        .............[0m
[0m............item 06        .............[0m
[0m............item 07        .............[0m
[0m............item 08        .............[0m
[0m............item 09        .............[0m
[0m........................................[0m
[0m........................................[0m
[0m........................................[0m
[0m........................................[0m
[0m........................................[0m