[0mTL1     ................................[0m
[0mTL2     ................................[0m
[0m........................................[0m
[0m........................................[0m
[0m........................................[0m
[0m........................................[0m
[0m........................................[0m
[0m........................................[0m
[0m........................................[0m
[0m........................................[0m