........................................[0m
[0m........................................[0m
[0m.....OFF     ...........................[0m
[0m........................................[0m
[0m........................................[0m
[0m........................................[0m
[0m........................................[0m
[0m........................................[0m
[0m........................................[0m
[0m........................................[0m