[0mbg line 3                                                   [0m
[0mbg line 4                              TOP-BORDER           [0m
[0mbg line 5                              content-a            [0m
[0mbg line 6                              content-b            [0m
[0mbg line 7                              content-c            [0m
[0mbg line 8                              BOTTOM-BORDER        [0m
[0mbg line 9                                                   [0m
[0mbg line 10                                                  [0m
[0mbg line 11                                                  [0m
[0mbg line 12                                                  [0m
[0mbg line 13                                                  [0m
[0mbg line 14                                                  [0m