line-0                        [0mCR-TR     [0m
[0mline-1                                  [0m
[0mline-2                                  [0m
[0mline-3                                  [0m
                                        [0m
                                        [0m
                                        [0m
                                        [0m
                                        [0m
                                        [0m