content line 0                                              [0m
[0mcontent line 1               [0m[38;5;63m╭──────────────────────────╮[0m   [0m
[0mcontent line 2               [0m[38;5;63m│[0mMyFunction                [0m[38;5;63m│[0m   [0m
[0mcontent line 3               [0m[38;5;63m│[0mdetail 0                  [0m[38;5;63m│[0m   [0m
[0mcontent line 4               [0m[38;5;63m│[0mdetail 1                  [0m[38;5;63m│[0m   [0m
[0mcontent line 5               [0m[38;5;63m│[0mdetail 2                  [0m[38;5;63m│[0m   [0m
[0mcontent line 6               [0m[38;5;63m│[0mdetail 3                  [0m[38;5;63m│[0m   [0m
[0mcontent line 7               [0m[38;5;63m│[0mdetail 4                  [0m[38;5;63m│[0m   [0m
[0mcontent line 8               [0m[38;5;63m│[0mdetail 5                  [0m[38;5;63m│[0m   [0m
[0mcontent line 9               [0m[38;5;63m│[0mdetail 6                  [0m[38;5;63m│[0m   [0m
[0m                             [0m[38;5;63m│[0mdetail 7                  [0m[38;5;63m│[0m   [0m
[0m                             [0m[38;5;63m│[0m...                       [0m[38;5;63m│[0m   [0m
[0m                             [0m[38;5;63m╰──────────────────────────╯[0m   [0m
                                                            [0m
                                                            [0m
                                                            [0m
                                                            [0m
                                                            [0m
                                                            [0m
                                                            [0m