........................................[0m
[0m........................................[0m
[0m........................................[0m
[0m..........50% width overlay   ..........[0m
[0m........................................[0m
[0m........................................[0m
[0m........................................[0m
[0m........................................[0m