........................................[0m
[0m........................................[0m
[0m........................................[0m
[0m..........HERE    ......................[0m
[0m........................................[0m
[0m........................................[0m
[0m........................................[0m
[0m........................................[0m
[0m........................................[0m
[0m........................................[0m