line 0                                                      [0m
[0mline 1                                 TOP-BORDER           [0m
[0mline 2                                 content-a            [0m
[0m                                       content-b            [0m
[0m                                       content-c            [0m
[0m                                       BOTTOM-BORDER        [0m
                                                            [0m
                                                            [0m
                                                            [0m
                                                            [0m
                                                            [0m
                                                            [0m
                                                            [0m
                                                            [0m
                                                            [0m
                                                            [0m
                                                            [0m
                                                            [0m
                                                            [0m
                                                            [0m