[0mline 00                                 [0m
[0mline 01                                 [0m
[0mline 02                                 [0m
[0mline 03                                 [0m
[0mline 04                                 [0m
[0m                                        [0m
[0m                                        [0m
[0m                                        [0m
[0m                                        [0m
[0m                                        [0m
[0m                                        [0m
[0m                                        [0m
[0m                                        [0m
[0m                                        [0m
[0m                                        [0m
[0m                                        [0m
[0m                                        [0m
[0m                                        [0m
[0m                                        [0m
[0m                              STATUS    [0m