line 0                                                      [0m
[0mmenu-a                                 TOP-BORDER           [0m
[0mmenu-b                                 content-a            [0m
[0mmenu-c                                 content-b            [0m
[0mline 4                                 BOTTOM-BORDER        [0m
                                                            [0m
                                                            [0m
                                                            [0m
                                                            [0m
                                                            [0m
                                                            [0m
                                                            [0m
                                                            [0m
                                                            [0m
                                                            [0m
                                                            [0m
                                                            [0m
                                                            [0m
                                                            [0m
                                                            [0m