[0mline 00                       NOTIFY    [0m
[0mline 01                                 [0m
[0mline 02                                 [0m
[0mline 03                                 [0m
[0mline 04                                 [0m
[0mline 05                                 [0m
[0mline 06                                 [0m
[0mline 07                                 [0m
[0mline 08                                 [0m
[0mline 09                                 [0m
[0mline 10                                 [0m
[0mline 11                                 [0m
[0mline 12                                 [0m
[0mline 13                                 [0m
[0mline 14                                 [0m
[0mline 15                                 [0m
[0mline 16                                 [0m
[0mline 17                                 [0m
[0mline 18                                 [0m
[0mline 19                                 [0m