........................................[0m
[0m........................................[0m
[0m........................................[0m
[0m........................................[0m
[0m........................................[0m
[0m........................................[0m
[0m........................................[0m
[0m........................................[0m
[0m................BC1     ................[0m
[0m................BC2     ................[0m