content 0                                                                       [0m
[0mcontent 1                                                  line 0               [0m
[0mcontent 2                                                  line 1               [0m
[0mcontent 3                                                  line 2               [0m
[0mcontent 4                                                  line 3               [0m
[0mcontent 5                                                  line 4               [0m
[0mcontent 6                                                                       [0m
[0mcontent 7                                                                       [0m
[0mcontent 8                                                                       [0m
[0mcontent 9                                                                       [0m
                                                                                [0m
                                                                                [0m
                                                                                [0m
                                                                                [0m
                                                                                [0m
                                                                                [0m
                                                                                [0m
                                                                                [0m
                                                                                [0m
                                                                                [0m
                                                                                [0m
                                                                                [0m
                                                                                [0m
                                                                                [0m