[0mline-15                                 [0m
[0mline-16                                 [0m
[0mline-17                                 [0m
[0mline-18                                 [0m
[0mline-19                                 [0m
[0mline-20                                 [0m
[0mline-21                                 [0m
[0mline-22                                 [0m
[0mline-23                                 [0m
[0mline-24                       BOTTOM    [0m