........................................[0m
[0m........................................[0m
[0m........................................[0m
[0m........................................[0m
[0m........................................[0m
[0m........................................[0m
[0m........................................[0m
[0m........................................[0m
[0mBL1     ................................[0m
[0mBL2     ................................[0m