short-0                                 [0m
[0mshort-1                                 [0m
[0mshort-2                                 [0m
[0m                                        [0m
[0m                                        [0m
[0m                                        [0m
[0m                                        [0m
[0m                                        [0m
[0m                                        [0m
[0m                                BOT     [0m