content line 0                                              [0m
[0mcontent line 1               [0m[38;5;63m╭──────────────────────────╮[0m   [0m
[0mcontent line 2               [0m[38;5;63m│[0mSmallFunc                 [0m[38;5;63m│[0m   [0m
[0mcontent line 3               [0m[38;5;63m│[0mreturns String!           [0m[38;5;63m│[0m   [0m
[0mcontent line 4               [0m[38;5;63m│[0m                          [0m[38;5;63m│[0m   [0m
[0mcontent line 5               [0m[38;5;63m│[0mA short description.      [0m[38;5;63m│[0m   [0m
[0mcontent line 6               [0m[38;5;63m╰──────────────────────────╯[0m   [0m
[0mcontent line 7                                              [0m
[0mcontent line 8                                              [0m
[0mcontent line 9                                              [0m
                                                            [0m
                                                            [0m
                                                            [0m
                                                            [0m
                                                            [0m
                                                            [0m
                                                            [0m
                                                            [0m
                                                            [0m
                                                            [0m