[1mBold heading[0m                                      [0m
[0m[3mItalic subtext[0m                                    [0m
[0m[31mRed alert[0m normal [0m[42mgreen bg[0m                         [0m
[0mplain text line                                   [0m
                                                  [0m
                                                  [0m