line 0                                                      
menu-a                                 TOP-BORDER           
menu-b                                 content-a            
menu-c                                 content-b            
line 4                                 BOTTOM-BORDER        
