bg line 0                                ╭───────────────╮  
bg line 1                                │ line 1        │  
bg line 2                                │ line 2        │  
bg line 3                                │ line 3        │  
bg line 4                                │ line 4        │  
bg line 5                                │ line 5        │  
bg line 6                                │ line 6        │  
bg line 7                                │ line 7        │  
                                         ╰───────────────╯  
