content line 0                                              
content line 1               ╭──────────────────────────╮   
content line 2               │MyFunction                │   
content line 3               │detail 0                  │   
content line 4               │detail 1                  │   
content line 5               │detail 2                  │   
content line 6               │detail 3                  │   
content line 7               │detail 4                  │   
content line 8               │detail 5                  │   
content line 9               │detail 6                  │   
                             │detail 7                  │   
                             │...                       │   
                             ╰──────────────────────────╯   
