bg line 0                                                   
bg line 1                                                   
bg line 2                                                   
bg line 3                                                   
bg line 4                              TOP-BORDER           
bg line 5                              content-a            
bg line 6                              content-b            
bg line 7                              content-c            
bg line 8                              BOTTOM-BORDER        
bg line 9                                                   
bg line 10                                                  
bg line 11                                                  
bg line 12                                                  
bg line 13                                                  
bg line 14                                                  
