content line 0                                                                  
content line 1                              ╭─────────────────────────────────╮ 
content line 2                              │Title                            │ 
content line 3                              │detail line 0 with extra text pad│ 
content line 4                              │detail line 1 with extra text pad│ 
content line 5                              │detail line 2 with extra text pad│ 
content line 6                              │detail line 3 with extra text pad│ 
content line 7                              │detail line 4 with extra text pad│ 
content line 8                              │detail line 5 with extra text pad│ 
content line 9                              │detail line 6 with extra text pad│ 
content line 10                             │detail line 7 with extra text pad│ 
content line 11                             ╰─────────────────────────────────╯ 
content line 12                                                                 
content line 13                                                                 
content line 14                                                                 
