content line 0                                              
content line 1               ╭──────────────────────────╮   
content line 2               │SmallFunc                 │   
content line 3               │returns String!           │   
content line 4               │                          │   
content line 5               │A short description.      │   
content line 6               ╰──────────────────────────╯   
content line 7                                              
content line 8                                              
content line 9                                              
