line 0                                                      
line 1                                 TOP-BORDER           
line 2                                 content-a            
                                       content-b            
                                       content-c            
                                       BOTTOM-BORDER        
